// Jest Snapshot v1, https://goo.gl/fbAQLP

exports[`NotFound scene should render correctly 1`] = `
<div>
  <h1>
    404
  </h1>
  <p>
    The page you're looking for cannot be found
  </p>
</div>
`;
